// Jest Snapshot v1, https://goo.gl/fbAQLP

exports[`Heading component renders out and match the snapshot 1`] = `
<div>
  <h1
    class="sc-bdvvtL lkBEZa"
  >
    Heading
  </h1>
</div>
`;
