// Jest Snapshot v1, https://goo.gl/fbAQLP

exports[`Title component renders out and match the snapshot 1`] = `
<div>
  <h2
    class="sc-dkPtRN jtijFl"
  >
    Title
  </h2>
</div>
`;
