// Jest Snapshot v1, https://goo.gl/fbAQLP

exports[`Switch component renders out and match the snapshot 1`] = `
<div>
  <div
    class="sc-bdvvtL hxpAGZ"
  >
    <input
      class="sc-dkPtRN fWwwqH"
      id="checkbox"
      type="checkbox"
    />
    <label
      class="sc-gsDKAQ cIkdBK"
      for="checkbox"
    />
  </div>
</div>
`;
