// Jest Snapshot v1, https://goo.gl/fbAQLP

exports[`Text button component renders out and match the snapshot 1`] = `
<div>
  <button
    class="sc-gsDKAQ bndjiH"
  >
    Button
  </button>
</div>
`;
